// Jest Snapshot v1, https://goo.gl/fbAQLP

exports[`expect to render loading components 1`] = `[Function]`;
