// Jest Snapshot v1, https://goo.gl/fbAQLP

exports[`expect to render productList components 1`] = `[Function]`;
